[05Jul2026 19:56:08.838] [main/INFO] [cpw.mods.modlauncher.Launcher/MODLAUNCHER]: ModLauncher running: args [--launchTarget, forgeclientuserdev, --version, MOD_DEV, --assetIndex, 1.18, --assetsDir, C:\.gradle\caches\forge_gradle\assets, --gameDir, ., --fml.forgeVersion, 40.2.21, --fml.mcVersion, 1.18.2, --fml.forgeGroup, net.minecraftforge, --fml.mcpVersion, 20220404.173914]
[05Jul2026 19:56:08.846] [main/INFO] [cpw.mods.modlauncher.Launcher/MODLAUNCHER]: ModLauncher 9.1.3+9.1.3+main.9b69c82a starting: java version 17.0.15 by Eclipse Adoptium
[05Jul2026 19:56:08.978] [main/INFO] [mixin/]: SpongePowered MIXIN Subsystem Version=0.8.5 Source=union:/C:/.gradle/caches/modules-2/files-2.1/org.spongepowered/mixin/0.8.5/9d1c0c3a304ae6697ecd477218fa61b850bf57fc/mixin-0.8.5.jar%2329!/ Service=ModLauncher Env=CLIENT
[05Jul2026 19:56:09.289] [main/WARN] [net.minecraftforge.fml.loading.moddiscovery.ModFileParser/LOADING]: Mod file C:\.gradle\caches\modules-2\files-2.1\net.minecraftforge\javafmllanguage\1.18.2-40.2.21\c6fe3441af3b7980be1ed98298708883124cc3bf\javafmllanguage-1.18.2-40.2.21.jar is missing mods.toml file
[05Jul2026 19:56:09.292] [main/WARN] [net.minecraftforge.fml.loading.moddiscovery.ModFileParser/LOADING]: Mod file C:\.gradle\caches\modules-2\files-2.1\net.minecraftforge\lowcodelanguage\1.18.2-40.2.21\37b9f1843f8fe0387c9e7202cc7752d71d9a8b3d\lowcodelanguage-1.18.2-40.2.21.jar is missing mods.toml file
[05Jul2026 19:56:09.294] [main/WARN] [net.minecraftforge.fml.loading.moddiscovery.ModFileParser/LOADING]: Mod file C:\.gradle\caches\modules-2\files-2.1\net.minecraftforge\mclanguage\1.18.2-40.2.21\5c1c2d561428e5b162d0b6682f9c8f39141a71f4\mclanguage-1.18.2-40.2.21.jar is missing mods.toml file
[05Jul2026 19:56:09.297] [main/WARN] [net.minecraftforge.fml.loading.moddiscovery.ModFileParser/LOADING]: Mod file C:\.gradle\caches\modules-2\files-2.1\net.minecraftforge\fmlcore\1.18.2-40.2.21\2fff7bebefc2a17d48339a2595ece9f8694970b8\fmlcore-1.18.2-40.2.21.jar is missing mods.toml file
[05Jul2026 19:56:09.423] [main/INFO] [net.minecraftforge.fml.loading.moddiscovery.JarInJarDependencyLocator/]: No dependencies to load found. Skipping!
[05Jul2026 19:56:10.871] [main/INFO] [mixin/]: Compatibility level set to JAVA_17
[05Jul2026 19:56:10.872] [main/ERROR] [mixin/]: Mixin config worldedit-forge.mixins.json does not specify "minVersion" property
[05Jul2026 19:56:10.874] [main/INFO] [cpw.mods.modlauncher.LaunchServiceHandler/MODLAUNCHER]: Launching target 'forgeclientuserdev' with arguments [--version, MOD_DEV, --gameDir, ., --assetsDir, C:\.gradle\caches\forge_gradle\assets, --assetIndex, 1.18]
[05Jul2026 19:56:12.184] [main/WARN] [oshi.util.platform.windows.PerfDataUtil/]: Failed to add PDH Counter: \Paging File(_Total)\% Usage, Error code: 0xC0000BB8
[05Jul2026 19:56:12.184] [main/WARN] [oshi.util.platform.windows.PerfCounterQueryHandler/]: Failed to add counter for PDH counter: \Paging File(_Total)\% Usage
[05Jul2026 19:56:12.184] [main/WARN] [oshi.util.platform.windows.PerfCounterQuery/]: Disabling further attempts to query Paging File.
[05Jul2026 19:56:12.813] [main/WARN] [oshi.util.platform.windows.WmiQueryHandler/]: COM exception: Invalid Query: SELECT PERCENTUSAGE FROM Win32_PerfRawData_PerfOS_PagingFile
[05Jul2026 19:56:17.693] [pool-3-thread-1/FATAL] [mixin/]: Mixin apply failed worldedit-forge.mixins.json:MixinLevelChunkSetBlockHook -> net.minecraft.world.level.chunk.LevelChunk: org.spongepowered.asm.mixin.injection.throwables.InvalidInjectionException Critical injection failure: @Redirect annotation on setBlockStateHook could not find any targets matching 'Lnet/minecraft/world/level/chunk/LevelChunk;m_6978_(Lnet/minecraft/core/BlockPos;Lnet/minecraft/world/level/block/state/BlockState;Z)Lnet/minecraft/world/level/block/state/BlockState;' in net.minecraft.world.level.chunk.LevelChunk. Using refmap worldedit-forge.mixins.refmap.json [PREINJECT Applicator Phase -> worldedit-forge.mixins.json:MixinLevelChunkSetBlockHook -> Prepare Injections ->  -> redirect$zza000$setBlockStateHook(Lnet/minecraft/world/level/block/state/BlockState;Lnet/minecraft/world/level/Level;Lnet/minecraft/core/BlockPos;Lnet/minecraft/world/level/block/state/BlockState;Z)V -> Parse]
org.spongepowered.asm.mixin.injection.throwables.InvalidInjectionException: Critical injection failure: @Redirect annotation on setBlockStateHook could not find any targets matching 'Lnet/minecraft/world/level/chunk/LevelChunk;m_6978_(Lnet/minecraft/core/BlockPos;Lnet/minecraft/world/level/block/state/BlockState;Z)Lnet/minecraft/world/level/block/state/BlockState;' in net.minecraft.world.level.chunk.LevelChunk. Using refmap worldedit-forge.mixins.refmap.json [PREINJECT Applicator Phase -> worldedit-forge.mixins.json:MixinLevelChunkSetBlockHook -> Prepare Injections ->  -> redirect$zza000$setBlockStateHook(Lnet/minecraft/world/level/block/state/BlockState;Lnet/minecraft/world/level/Level;Lnet/minecraft/core/BlockPos;Lnet/minecraft/world/level/block/state/BlockState;Z)V -> Parse]
	at org.spongepowered.asm.mixin.injection.struct.InjectionInfo.validateTargets(InjectionInfo.java:656) ~[mixin-0.8.5.jar:0.8.5+Jenkins-b310.git-155314e6e91465dad727e621a569906a410cd6f4]
	at org.spongepowered.asm.mixin.injection.struct.InjectionInfo.findTargets(InjectionInfo.java:587) ~[mixin-0.8.5.jar:0.8.5+Jenkins-b310.git-155314e6e91465dad727e621a569906a410cd6f4]
	at org.spongepowered.asm.mixin.injection.struct.InjectionInfo.readAnnotation(InjectionInfo.java:330) ~[mixin-0.8.5.jar:0.8.5+Jenkins-b310.git-155314e6e91465dad727e621a569906a410cd6f4]
	at org.spongepowered.asm.mixin.injection.struct.InjectionInfo.<init>(InjectionInfo.java:316) ~[mixin-0.8.5.jar:0.8.5+Jenkins-b310.git-155314e6e91465dad727e621a569906a410cd6f4]
	at org.spongepowered.asm.mixin.injection.struct.InjectionInfo.<init>(InjectionInfo.java:308) ~[mixin-0.8.5.jar:0.8.5+Jenkins-b310.git-155314e6e91465dad727e621a569906a410cd6f4]
	at org.spongepowered.asm.mixin.injection.struct.RedirectInjectionInfo.<init>(RedirectInjectionInfo.java:44) ~[mixin-0.8.5.jar:0.8.5+Jenkins-b310.git-155314e6e91465dad727e621a569906a410cd6f4]
	at jdk.internal.reflect.NativeConstructorAccessorImpl.newInstance0(Native Method) ~[?:?]
	at jdk.internal.reflect.NativeConstructorAccessorImpl.newInstance(NativeConstructorAccessorImpl.java:77) ~[?:?]
	at jdk.internal.reflect.DelegatingConstructorAccessorImpl.newInstance(DelegatingConstructorAccessorImpl.java:45) ~[?:?]
	at java.lang.reflect.Constructor.newInstanceWithCaller(Constructor.java:500) ~[?:?]
	at java.lang.reflect.Constructor.newInstance(Constructor.java:481) ~[?:?]
	at org.spongepowered.asm.mixin.injection.struct.InjectionInfo$InjectorEntry.create(InjectionInfo.java:149) ~[mixin-0.8.5.jar:0.8.5+Jenkins-b310.git-155314e6e91465dad727e621a569906a410cd6f4]
	at org.spongepowered.asm.mixin.injection.struct.InjectionInfo.parse(InjectionInfo.java:708) ~[mixin-0.8.5.jar:0.8.5+Jenkins-b310.git-155314e6e91465dad727e621a569906a410cd6f4]
	at org.spongepowered.asm.mixin.transformer.MixinTargetContext.prepareInjections(MixinTargetContext.java:1311) ~[mixin-0.8.5.jar:0.8.5+Jenkins-b310.git-155314e6e91465dad727e621a569906a410cd6f4]
	at org.spongepowered.asm.mixin.transformer.MixinApplicatorStandard.prepareInjections(MixinApplicatorStandard.java:1042) ~[mixin-0.8.5.jar:0.8.5+Jenkins-b310.git-155314e6e91465dad727e621a569906a410cd6f4]
	at org.spongepowered.asm.mixin.transformer.MixinApplicatorStandard.applyMixin(MixinApplicatorStandard.java:393) ~[mixin-0.8.5.jar:0.8.5+Jenkins-b310.git-155314e6e91465dad727e621a569906a410cd6f4]
	at org.spongepowered.asm.mixin.transformer.MixinApplicatorStandard.apply(MixinApplicatorStandard.java:325) ~[mixin-0.8.5.jar:0.8.5+Jenkins-b310.git-155314e6e91465dad727e621a569906a410cd6f4]
	at org.spongepowered.asm.mixin.transformer.TargetClassContext.apply(TargetClassContext.java:383) ~[mixin-0.8.5.jar:0.8.5+Jenkins-b310.git-155314e6e91465dad727e621a569906a410cd6f4]
	at org.spongepowered.asm.mixin.transformer.TargetClassContext.applyMixins(TargetClassContext.java:365) ~[mixin-0.8.5.jar:0.8.5+Jenkins-b310.git-155314e6e91465dad727e621a569906a410cd6f4]
	at org.spongepowered.asm.mixin.transformer.MixinProcessor.applyMixins(MixinProcessor.java:363) ~[mixin-0.8.5.jar:0.8.5+Jenkins-b310.git-155314e6e91465dad727e621a569906a410cd6f4]
	at org.spongepowered.asm.mixin.transformer.MixinTransformer.transformClass(MixinTransformer.java:250) ~[mixin-0.8.5.jar:0.8.5+Jenkins-b310.git-155314e6e91465dad727e621a569906a410cd6f4]
	at org.spongepowered.asm.service.modlauncher.MixinTransformationHandler.processClass(MixinTransformationHandler.java:131) ~[mixin-0.8.5.jar:0.8.5+Jenkins-b310.git-155314e6e91465dad727e621a569906a410cd6f4]
	at org.spongepowered.asm.launch.MixinLaunchPluginLegacy.processClass(MixinLaunchPluginLegacy.java:131) ~[mixin-0.8.5.jar:0.8.5+Jenkins-b310.git-155314e6e91465dad727e621a569906a410cd6f4]
	at cpw.mods.modlauncher.serviceapi.ILaunchPluginService.processClassWithFlags(ILaunchPluginService.java:156) ~[modlauncher-9.1.3.jar:9.1.3+9.1.3+main.9b69c82a]
	at cpw.mods.modlauncher.LaunchPluginHandler.offerClassNodeToPlugins(LaunchPluginHandler.java:88) ~[modlauncher-9.1.3.jar:?]
	at cpw.mods.modlauncher.ClassTransformer.transform(ClassTransformer.java:120) ~[modlauncher-9.1.3.jar:?]
	at cpw.mods.modlauncher.TransformingClassLoader.maybeTransformClassBytes(TransformingClassLoader.java:50) ~[modlauncher-9.1.3.jar:?]
	at cpw.mods.cl.ModuleClassLoader.readerToClass(ModuleClassLoader.java:113) ~[securejarhandler-1.0.8.jar:?]
	at cpw.mods.cl.ModuleClassLoader.lambda$findClass$15(ModuleClassLoader.java:219) ~[securejarhandler-1.0.8.jar:?]
	at cpw.mods.cl.ModuleClassLoader.loadFromModule(ModuleClassLoader.java:229) ~[securejarhandler-1.0.8.jar:?]
	at cpw.mods.cl.ModuleClassLoader.findClass(ModuleClassLoader.java:219) ~[securejarhandler-1.0.8.jar:?]
	at cpw.mods.cl.ModuleClassLoader.loadClass(ModuleClassLoader.java:135) ~[securejarhandler-1.0.8.jar:?]
	at java.lang.ClassLoader.loadClass(ClassLoader.java:525) ~[?:?]
	at net.minecraft.data.worldgen.features.EndFeatures.<clinit>(EndFeatures.java:18) ~[forge-1.18.2-40.2.21_mapped_official_1.18.2.jar%2380!/:?]
	at net.minecraft.data.worldgen.features.FeatureUtils.bootstrap(FeatureUtils.java:23) ~[forge-1.18.2-40.2.21_mapped_official_1.18.2.jar%2380!/:?]
	at net.minecraft.data.BuiltinRegistries.lambda$static$2(BuiltinRegistries.java:101) ~[forge-1.18.2-40.2.21_mapped_official_1.18.2.jar%2380!/:?]
	at java.util.LinkedHashMap.forEach(LinkedHashMap.java:721) ~[?:?]
	at net.minecraft.data.BuiltinRegistries.<clinit>(BuiltinRegistries.java:100) ~[forge-1.18.2-40.2.21_mapped_official_1.18.2.jar%2380!/:?]
	at net.minecraft.core.Registry.<clinit>(Registry.java:633) ~[forge-1.18.2-40.2.21_mapped_official_1.18.2.jar%2380!/:?]
	at net.minecraft.server.Bootstrap.bootStrap(Bootstrap.java:44) ~[forge-1.18.2-40.2.21_mapped_official_1.18.2.jar%2380!/:?]
	at net.minecraft.client.main.Main.lambda$main$0(Main.java:138) ~[forge-1.18.2-40.2.21_mapped_official_1.18.2.jar%2380!/:?]
	at java.util.concurrent.Executors$RunnableAdapter.call(Executors.java:539) [?:?]
	at java.util.concurrent.FutureTask.run(FutureTask.java:264) [?:?]
	at java.util.concurrent.ThreadPoolExecutor.runWorker(ThreadPoolExecutor.java:1136) [?:?]
	at java.util.concurrent.ThreadPoolExecutor$Worker.run(ThreadPoolExecutor.java:635) [?:?]
	at java.lang.Thread.run(Thread.java:840) [?:?]
